c:\users\kelle\source\repos\dungeon-escape\dungeonescape\dungeonescape\x64\debug\vc143.pdb
c:\users\kelle\source\repos\dungeon-escape\dungeonescape\dungeonescape\x64\debug\vc143.idb
c:\users\kelle\source\repos\dungeon-escape\dungeonescape\dungeonescape\x64\debug\test-parser.obj
c:\users\kelle\source\repos\dungeon-escape\dungeonescape\dungeonescape\x64\debug\room.obj
c:\users\kelle\source\repos\dungeon-escape\dungeonescape\dungeonescape\x64\debug\renderer.obj
c:\users\kelle\source\repos\dungeon-escape\dungeonescape\dungeonescape\x64\debug\player.obj
c:\users\kelle\source\repos\dungeon-escape\dungeonescape\dungeonescape\x64\debug\item.obj
c:\users\kelle\source\repos\dungeon-escape\dungeonescape\dungeonescape\x64\debug\inputhandler.obj
c:\users\kelle\source\repos\dungeon-escape\dungeonescape\dungeonescape\x64\debug\game.obj
c:\users\kelle\source\repos\dungeon-escape\dungeonescape\dungeonescape\x64\debug\filemanager.obj
c:\users\kelle\source\repos\dungeon-escape\dungeonescape\dungeonescape\x64\debug\commandparser.obj
c:\users\kelle\source\repos\dungeon-escape\dungeonescape\x64\debug\items.json
c:\users\kelle\source\repos\dungeon-escape\dungeonescape\x64\debug\rooms.json
c:\users\kelle\source\repos\dungeon-escape\dungeonescape\x64\debug\dungeonescape.exe
c:\users\kelle\source\repos\dungeon-escape\dungeonescape\x64\debug\dungeonescape.pdb
c:\users\kelle\source\repos\dungeon-escape\dungeonescape\dungeonescape\x64\debug\dungeonescape.ilk
c:\users\kelle\source\repos\dungeon-escape\dungeonescape\dungeonescape\x64\debug\dungeonescape.tlog\cl.command.1.tlog
c:\users\kelle\source\repos\dungeon-escape\dungeonescape\dungeonescape\x64\debug\dungeonescape.tlog\cl.items.tlog
c:\users\kelle\source\repos\dungeon-escape\dungeonescape\dungeonescape\x64\debug\dungeonescape.tlog\cl.read.1.tlog
c:\users\kelle\source\repos\dungeon-escape\dungeonescape\dungeonescape\x64\debug\dungeonescape.tlog\cl.write.1.tlog
c:\users\kelle\source\repos\dungeon-escape\dungeonescape\dungeonescape\x64\debug\dungeonescape.tlog\copyfile.command.1.tlog
c:\users\kelle\source\repos\dungeon-escape\dungeonescape\dungeonescape\x64\debug\dungeonescape.tlog\copyfile.read.1.tlog
c:\users\kelle\source\repos\dungeon-escape\dungeonescape\dungeonescape\x64\debug\dungeonescape.tlog\copyfile.write.1.tlog
c:\users\kelle\source\repos\dungeon-escape\dungeonescape\dungeonescape\x64\debug\dungeonescape.tlog\link.command.1.tlog
c:\users\kelle\source\repos\dungeon-escape\dungeonescape\dungeonescape\x64\debug\dungeonescape.tlog\link.read.1.tlog
c:\users\kelle\source\repos\dungeon-escape\dungeonescape\dungeonescape\x64\debug\dungeonescape.tlog\link.secondary.1.tlog
c:\users\kelle\source\repos\dungeon-escape\dungeonescape\dungeonescape\x64\debug\dungeonescape.tlog\link.write.1.tlog
